server:
  http_listen_address: 0.0.0.0
  http_listen_port: 3100

positions:
  filename: /tmp/positions.yaml

clients:
  - url: http://3.145.1.104:3100/loki/api/v1/push

scrape_configs:
  - job_name: journal
    journal:
      json: false
      max_age: 12h
      path: /var/log/journal
      labels:
        job: systemd-journal
    relabel_configs:
      - source_labels: ["__journal__systemd_unit"]
        target_label: "unit"
  - job_name: system
    static_configs:
      - targets:
          - localhost
        labels:
          job: varlogs
          __path__: /var/log/*log

  - job_name: containers
    static_configs:
      - targets:
          - localhost
        labels:
          job: containerlogs
          __path__: /var/lib/docker/containers/*/*log

    pipeline_stages:
      - json:
          expressions:
            output: log
            stream: stream
            attrs:
      - json:
          expressions:
            tag:
          source: attrs
      - regex:
          expression: (?P<image_name>(?:[^|]*[^|])).(?P<container_name>(?:[^|]*[^|])).(?P<image_id>(?:[^|]*[^|])).(?P<container_id>(?:[^|]*[^|]))
          source: tag
      - timestamp:
          format: RFC3339Nano
          source: time
      - labels:
          tag:
          stream:
          image_name:
          container_name:
          image_id:
          container_id:
      - output:
          source: output
